Microchip Technology Inc, v1.60 (B)

Tool Name:
  c:\program files\microchip\xc16\v1.60\bin\bin\..\bin/elf-ld.exe

Command:
  -p30F4013 \
  --mdfp=C:/Users/Wels/.mchp_packs/Microchip/dsPIC30F_DFP/1.3.82/xc16 \
  -o \
  dist/default/production/ADC_Parte1.X.production.elf \
  -Lc:/program files/microchip/xc16/v1.60/bin/bin/.. \
  -LC:/Users/Wels/.mchp_packs/Microchip/dsPIC30F_DFP/1.3.82/xc16/bin/../support/dsPIC30F/gld \
  -Lc:/program files/microchip/xc16/v1.60/bin/bin/../../lib \
  -Lc:/program files/microchip/xc16/v1.60/bin/bin/../../support/PIC24E/gld \
  -Lc:/program files/microchip/xc16/v1.60/bin/bin/../../support/PIC24F/gld \
  -Lc:/program files/microchip/xc16/v1.60/bin/bin/../../support/PIC24H/gld \
  -Lc:/program files/microchip/xc16/v1.60/bin/bin/../../support/dsPIC30F/gld \
  -Lc:/program files/microchip/xc16/v1.60/bin/bin/../../support/dsPIC33C/gld \
  -Lc:/program files/microchip/xc16/v1.60/bin/bin/../../support/dsPIC33E/gld \
  -Lc:/program files/microchip/xc16/v1.60/bin/bin/../../support/dsPIC33F/gld \
  build/default/production/Configuracion.o \
  build/default/production/LCD_Libreria.o \
  build/default/production/Programa_principal.o \
  build/default/production/ADC_Libreria.o \
  --defsym=__MPLAB_BUILD=1 \
  -Tp30F4013.gld.00 \
  --stack=16 \
  --check-sections \
  --data-init \
  --pack-data \
  --handles \
  --isr \
  --no-gc-sections \
  --fill-upper=0 \
  --stackguard=16 \
  --no-force-link \
  --smart-io \
  -Map=dist/default/production/ADC_Parte1.X.production.map \
  --report-mem \
  --memorysummary \
  dist/default/production/memoryfile.xml \
  -start-group \
  --library=lega-pic30-elf \
  --library=m-elf \
  --library=lega-c-elf \
  -end-group \


Optional library libp30F4013.a not found
Archive member included because of file (symbol)

c:/program files/microchip/xc16/v1.60/bin/bin/../../lib\liblega-pic30-elf.a(crt0_standard.o)
                              (__resetPRI)
c:/program files/microchip/xc16/v1.60/bin/bin/../../lib\liblega-pic30-elf.a(data_init_standard.o)
                              c:/program files/microchip/xc16/v1.60/bin/bin/../../lib\liblega-pic30-elf.a(crt0_standard.o) (__data_init_standard)
c:/program files/microchip/xc16/v1.60/bin/bin/../../lib\liblega-pic30-elf.a(crt_start_mode_normal.Leo)
                              (__crt_start_mode_normal)
c:/program files/microchip/xc16/v1.60/bin/bin/../../lib\liblega-pic30-elf.a(delay32.Leo)
                              build/default/production/LCD_Libreria.o (___delay32)
c:/program files/microchip/xc16/v1.60/bin/bin/../../lib\libm-elf.a(floatunsisf.eo)
                              build/default/production/Programa_principal.o (___floatunsisf)
c:/program files/microchip/xc16/v1.60/bin/bin/../../lib\libm-elf.a(mulsf3.eo)
                              build/default/production/Programa_principal.o (___mulsf3)
c:/program files/microchip/xc16/v1.60/bin/bin/../../lib\libm-elf.a(floatundisf.eo)
                              c:/program files/microchip/xc16/v1.60/bin/bin/../../lib\libm-elf.a(floatunsisf.eo) (___floatundisf)
c:/program files/microchip/xc16/v1.60/bin/bin/../../lib\libm-elf.a(fpack.eo)
                              c:/program files/microchip/xc16/v1.60/bin/bin/../../lib\libm-elf.a(mulsf3.eo) (__fpack)
c:/program files/microchip/xc16/v1.60/bin/bin/../../lib\libm-elf.a(funpack2.eo)
                              c:/program files/microchip/xc16/v1.60/bin/bin/../../lib\libm-elf.a(mulsf3.eo) (__funpack2)
c:/program files/microchip/xc16/v1.60/bin/bin/../../lib\libm-elf.a(futil.eo)
                              c:/program files/microchip/xc16/v1.60/bin/bin/../../lib\libm-elf.a(mulsf3.eo) (__fPropagateNaN)
c:/program files/microchip/xc16/v1.60/bin/bin/../../lib\libm-elf.a(funpack.eo)
                              c:/program files/microchip/xc16/v1.60/bin/bin/../../lib\libm-elf.a(funpack2.eo) (__funpack)
c:/program files/microchip/xc16/v1.60/bin/bin/../../lib\liblega-c-elf.a(sprintf_fF.XXeo)
                              build/default/production/Programa_principal.o (__sprintf_fF)
c:/program files/microchip/xc16/v1.60/bin/bin/../../lib\liblega-c-elf.a(xprintf_fF.XXeo)
                              c:/program files/microchip/xc16/v1.60/bin/bin/../../lib\liblega-c-elf.a(sprintf_fF.XXeo) (___ePrintf_fF)
c:/program files/microchip/xc16/v1.60/bin/bin/../../lib\liblega-c-elf.a(memcpy.XX_eo)
                              c:/program files/microchip/xc16/v1.60/bin/bin/../../lib\liblega-c-elf.a(sprintf_fF.XXeo) (_memcpy)
c:/program files/microchip/xc16/v1.60/bin/bin/../../lib\liblega-c-elf.a(strchr.XX_eo)
                              c:/program files/microchip/xc16/v1.60/bin/bin/../../lib\liblega-c-elf.a(xprintf_fF.XXeo) (_strchr)
c:/program files/microchip/xc16/v1.60/bin/bin/../../lib\liblega-c-elf.a(xputtxt.XX_eo)
                              c:/program files/microchip/xc16/v1.60/bin/bin/../../lib\liblega-c-elf.a(xprintf_fF.XXeo) (__Puttxt)
c:/program files/microchip/xc16/v1.60/bin/bin/../../lib\liblega-c-elf.a(xvacopy.XX_eo)
[...]
Memory Configuration

Name             Origin             Length             Attributes
data             0x000800           0x000800           a !xr
reset            0x000000           0x000004  
ivt              0x000004           0x00007c  
_reserved        0x000080           0x000004  
aivt             0x000084           0x00007c  
program          0x000100           0x007f00           xr
eedata           0x7ffc00           0x000400  
FUID0            0x8005c0           0x000002  
FUID1            0x8005c2           0x000002  
FUID2            0x8005c4           0x000002  
FUID3            0x8005c6           0x000002  
FOSC             0xf80000           0x000002  
FWDT             0xf80002           0x000002  
FBORPOR          0xf80004           0x000002  
RESERVED1        0xf80006           0x000002  
RESERVED2        0xf80008           0x000002  
FGS              0xf8000a           0x000002  
FICD             0xf8000c           0x000002  
*default*        0x000000           0xffffffff  

Linker script and memory map

LOAD build/default/production/Configuracion.o
LOAD build/default/production/LCD_Libreria.o
LOAD build/default/production/Programa_principal.o
LOAD build/default/production/ADC_Libreria.o
                    0x0001                  __MPLAB_BUILD = 0x1
LOAD p30F4013
LOAD c:/program files/microchip/xc16/v1.60/bin/bin/../../lib\libfx-elf.a
                    0x8005c0                  __FUID0 = 0x8005c0
                    0x8005c2                  __FUID1 = 0x8005c2
                    0x8005c4                  __FUID2 = 0x8005c4
                    0x8005c6                  __FUID3 = 0x8005c6
                    0xf80000                  __FOSC = 0xf80000
                    0xf80002                  __FWDT = 0xf80002
                    0xf80004                  __FBORPOR = 0xf80004
                    0xf80006                  __RESERVED1 = 0xf80006
                    0xf80008                  __RESERVED2 = 0xf80008
                    0xf8000a                  __FGS = 0xf8000a
                    0xf8000c                  __FICD = 0xf8000c
                    0x0001                  __NO_HANDLES = 0x1
                    0x0100                  __CODE_BASE = 0x100
                    0x7f00                  __CODE_LENGTH = 0x7f00
                    0x0004                  __IVT_BASE = 0x4
                    0x0084                  __AIVT_BASE = 0x84
                    0x0800                  __DATA_BASE = 0x800
                    0x0800                  __DATA_LENGTH = 0x800
                    0x0c00                  __YDATA_BASE = 0xc00

.reset            0x000000          0x4
                  0x000000          0x2 SHORT 0x100 ABSOLUTE (__reset)
                  0x000001          0x2 SHORT 0x4
                  0x000002          0x2 SHORT 0x0 ((ABSOLUTE (__reset) >> 0x10) & 0x7f)
                  0x000003          0x2 SHORT 0x0

.text             0x000100       0x170a
 *(.init)
 .init            0x000100         0x4c c:/program files/microchip/xc16/v1.60/bin/bin/../../lib\liblega-pic30-elf.a(crt0_standard.o)
                  0x000100                  __resetPRI
                  0x000100                  __reset
                  0x00013c                  __psv_init
 .init            0x00014c         0x7c c:/program files/microchip/xc16/v1.60/bin/bin/../../lib\liblega-pic30-elf.a(data_init_standard.o)
                  0x000152                  __data_init_standard
                  0x000152                  __data_init
 *(.user_init)
 *(.handle)
 *(.isr*)
 .isr             0x0001dc          0x4 default_isr
                  0x0001dc                  __DefaultInterrupt
 *(.libc)
 .libc            0x0001e0         0x12 c:/program files/microchip/xc16/v1.60/bin/bin/../../lib\liblega-pic30-elf.a(close.Leo)
                  0x0001e0                  _close
 .libc            0x0001f2         0x84 c:/program files/microchip/xc16/v1.60/bin/bin/../../lib\liblega-pic30-elf.a(write.Leo)
                  0x0001f2                  _write
 .libc            0x000276         0x12 c:/program files/microchip/xc16/v1.60/bin/bin/../../lib\liblega-pic30-elf.a(remove.Leo)
                  0x000276                  _remove
 .libc            0x000288         0x28 c:/program files/microchip/xc16/v1.60/bin/bin/../../lib\liblega-pic30-elf.a(sbrk.Leo)
                  0x000288                  _sbrk
 .libc            0x0002b0         0x1a c:/program files/microchip/xc16/v1.60/bin/bin/../../lib\liblega-pic30-elf.a(brk.Lelo)
                  0x0002b0                  _brk
 *(.libm)
 *(.libdsp)
 *(.lib*)
 .libpic30_crt_start_mode
                  0x0002ca          0x2 c:/program files/microchip/xc16/v1.60/bin/bin/../../lib\liblega-pic30-elf.a(crt_start_mode_normal.Leo)
                  0x0002ca                  __crt_start_mode
                  0x0002ca                  __crt_start_mode_normal
 .libm.floatunsisf
                  0x0002cc          0x4 c:/program files/microchip/xc16/v1.60/bin/bin/../../lib\libm-elf.a(floatunsisf.eo)
                  0x0002cc                  ___floatunsisf
 .libm.mulsf3     0x0002d0         0x68 c:/program files/microchip/xc16/v1.60/bin/bin/../../lib\libm-elf.a(mulsf3.eo)
                  0x0002d0                  ___mulsf3
 .libm.floatundisf
                  0x000338         0x5e c:/program files/microchip/xc16/v1.60/bin/bin/../../lib\libm-elf.a(floatundisf.eo)
                  0x000338                  ___floatundisf
 .libm.fpack      0x000396         0x4c c:/program files/microchip/xc16/v1.60/bin/bin/../../lib\libm-elf.a(fpack.eo)
                  0x000396                  __fpack
 .libm.funpack2
                  0x0003e2         0x10 c:/program files/microchip/xc16/v1.60/bin/bin/../../lib\libm-elf.a(funpack2.eo)
                  0x0003e2                  __funpack2
 .libm.fPropagateNaN
                  0x0003f2         0x12 c:/program files/microchip/xc16/v1.60/bin/bin/../../lib\libm-elf.a(futil.eo)
                  0x0003f2                  __fPropagateNaN
 .libm.fbobExit
                  0x000404          0x8 c:/program files/microchip/xc16/v1.60/bin/bin/../../lib\libm-elf.a(futil.eo)
                  0x000404                  __fbopExit
 .libm.fbopReturnNaN
                  0x00040c          0x6 c:/program files/microchip/xc16/v1.60/bin/bin/../../lib\libm-elf.a(futil.eo)
                  0x00040c                  __fbopReturnNaN
 .libm.funpack    0x000412         0x2a c:/program files/microchip/xc16/v1.60/bin/bin/../../lib\libm-elf.a(funpack.eo)
                  0x000412                  __funpack
 .libc.eprout     0x00043c         0x1a c:/program files/microchip/xc16/v1.60/bin/bin/../../lib\liblega-c-elf.a(sprintf_fF.XXeo)
                  0x00043c                  sprintf_fF.XXeo:_eprout
 .libc.prout      0x000456          0xe c:/program files/microchip/xc16/v1.60/bin/bin/../../lib\liblega-c-elf.a(sprintf_fF.XXeo)
                  0x000456                  sprintf_fF.XXeo:_prout
 .libc._sprintf_fF
                  0x000464         0x20 c:/program files/microchip/xc16/v1.60/bin/bin/../../lib\liblega-c-elf.a(sprintf_fF.XXeo)
                  0x000464                  __sprintf_fF
 .libc.eprout     0x000484         0x1e c:/program files/microchip/xc16/v1.60/bin/bin/../../lib\liblega-c-elf.a(xprintf_fF.XXeo)
                  0x000484                  xprintf_fF.XXeo:_eprout
 .libc.__ePrintf_fF
                  0x0004a2        0x176 c:/program files/microchip/xc16/v1.60/bin/bin/../../lib\liblega-c-elf.a(xprintf_fF.XXeo)
                  0x0004a2                  ___ePrintf_fF
 .libc.__Printf_fF
                  0x000618          0xa c:/program files/microchip/xc16/v1.60/bin/bin/../../lib\liblega-c-elf.a(xprintf_fF.XXeo)
                  0x000618                  ___Printf_fF
 .libc.memcpy     0x000622          0xe c:/program files/microchip/xc16/v1.60/bin/bin/../../lib\liblega-c-elf.a(memcpy.XX_eo)
                  0x000622                  _memcpy
 .libc.strchr     0x000630         0x18 c:/program files/microchip/xc16/v1.60/bin/bin/../../lib\liblega-c-elf.a(strchr.XX_eo)
                  0x000630                  _strchr
 .libc._Puttxt    0x000648        0x1b4 c:/program files/microchip/xc16/v1.60/bin/bin/../../lib\liblega-c-elf.a(xputtxt.XX_eo)
                  0x000648                  __Puttxt
 .libc._Vacopy    0x0007fc          0x4 c:/program files/microchip/xc16/v1.60/bin/bin/../../lib\liblega-c-elf.a(xvacopy.XX_eo)
                  0x0007fc                  __Vacopy
 .libc.efwrite    0x000800         0xd8 c:/program files/microchip/xc16/v1.60/bin/bin/../../lib\liblega-c-elf.a(efwrite.XX_eo)
                  0x000800                  _efwrite
 .libc._DNKfflush
                  0x0008d8         0x76 c:/program files/microchip/xc16/v1.60/bin/bin/../../lib\liblega-c-elf.a(fflush.XX_elo)
                  0x0008d8                  __DNKfflush
 .libc.__Putfld_fF
                  0x00094e         0xa4 c:/program files/microchip/xc16/v1.60/bin/bin/../../lib\liblega-c-elf.a(xputfld_fF.XXeo)
                  0x00094e                  ___Putfld_fF
 .libc.__Ldtob_fF
                  0x0009f2        0x250 c:/program files/microchip/xc16/v1.60/bin/bin/../../lib\liblega-c-elf.a(xldtob_fF.XXeo)
                  0x0009f2                  ___Ldtob_fF
 .libc.__Genld_fF
                  0x000c42        0x208 c:/program files/microchip/xc16/v1.60/bin/bin/../../lib\liblega-c-elf.a(xgenld_fF.XXeo)
                  0x000c42                  ___Genld_fF
 .libc.div        0x000e4a         0x16 c:/program files/microchip/xc16/v1.60/bin/bin/../../lib\liblega-c-elf.a(div.XX_eo)
                  0x000e4a                  _div
 .libc.ldiv       0x000e60         0x2a c:/program files/microchip/xc16/v1.60/bin/bin/../../lib\liblega-c-elf.a(ldiv.XX_eo)
                  0x000e60                  _ldiv
 .libc._Fwprep    0x000e8a         0x8e c:/program files/microchip/xc16/v1.60/bin/bin/../../lib\liblega-c-elf.a(xfwprep.XX_eo)
                  0x000e8a                  __Fwprep
 .libc._LDunscale
                  0x000f18         0x54 c:/program files/microchip/xc16/v1.60/bin/bin/../../lib\liblega-c-elf.a(xldunsca.XX_eo)
                  0x000f18                  __LDunscale
 .libc.closeallreg
                  0x000f6c          0x4 c:/program files/microchip/xc16/v1.60/bin/bin/../../lib\liblega-c-elf.a(fclose.XX_elo)
 .libc._Closreg
                  0x000f70         0x12 c:/program files/microchip/xc16/v1.60/bin/bin/../../lib\liblega-c-elf.a(fclose.XX_elo)
                  0x000f70                  __Closreg
 .libc.fclose     0x000f82         0x90 c:/program files/microchip/xc16/v1.60/bin/bin/../../lib\liblega-c-elf.a(fclose.XX_elo)
                  0x000f82                  _fclose
 .libc.closeall
                  0x001012         0x20 c:/program files/microchip/xc16/v1.60/bin/bin/../../lib\liblega-c-elf.a(fclose.XX_elo)
                  0x001012                  fclose.XX_elo:_closeall
 .libc._Atexit    0x001032         0x18 c:/program files/microchip/xc16/v1.60/bin/bin/../../lib\liblega-c-elf.a(xatexit.XX_elo)
                  0x001032                  __Atexit
 .libc._Dnorm     0x00104a         0x98 c:/program files/microchip/xc16/v1.60/bin/bin/../../lib\liblega-c-elf.a(xdnorm.XX_elo)
                  0x00104a                  __Dnorm
 .libc.free       0x0010e2         0x64 c:/program files/microchip/xc16/v1.60/bin/bin/../../lib\liblega-c-elf.a(free.XX_eo)
                  0x0010e2                  _free
 .libc.findmem    0x001146         0x66 c:/program files/microchip/xc16/v1.60/bin/bin/../../lib\liblega-c-elf.a(malloc.XX_eo)
 .libc.malloc     0x0011ac         0x54 c:/program files/microchip/xc16/v1.60/bin/bin/../../lib\liblega-c-elf.a(malloc.XX_eo)
                  0x0011ac                  _malloc
 .libc._Getmem    0x001200         0x14 c:/program files/microchip/xc16/v1.60/bin/bin/../../lib\liblega-c-elf.a(xgetmem.XX_eo)
                  0x001200                  __Getmem
 .libc.doclose    0x001214          0x4 c:/program files/microchip/xc16/v1.60/bin/bin/../../lib\liblega-pic30-elf.a(close.Leo)
 .libc.dowrite    0x001218          0x4 c:/program files/microchip/xc16/v1.60/bin/bin/../../lib\liblega-pic30-elf.a(write.Leo)
 .libc.doremove
                  0x00121c          0x4 c:/program files/microchip/xc16/v1.60/bin/bin/../../lib\liblega-pic30-elf.a(remove.Leo)
 .libc.memcpy_eds
                  0x001220         0x3a c:/program files/microchip/xc16/v1.60/bin/bin/../../lib\liblega-pic30-elf.a(memcpy_eds.Leo)
                  0x001220                  __memcpy_eds_3
                  0x001220                  __memcpy_eds
 .libc._memchr_eds
                  0x00125a         0x36 c:/program files/microchip/xc16/v1.60/bin/bin/../../lib\liblega-pic30-elf.a(memchr_eds.Leo)
                  0x00125a                  __memchr_eds
 .libm.eqdf2      0x001290          0xa c:/program files/microchip/xc16/v1.60/bin/bin/../../lib\libm-elf.a(deqltle.eo)
                  0x001290                  ___eqdf2
                  0x001290                  ___ltdf2
                  0x001290                  ___ledf2
 .libm.gtdf2      0x00129a          0xa c:/program files/microchip/xc16/v1.60/bin/bin/../../lib\libm-elf.a(dgtge.eo)
                  0x00129a                  ___gtdf2
                  0x00129a                  ___gedf2
 .libm.divdf3     0x0012a4         0xb4 c:/program files/microchip/xc16/v1.60/bin/bin/../../lib\libm-elf.a(divdf3.eo)
                  0x0012a4                  ___divdf3
 .libm.divsi3     0x001358         0x1e c:/program files/microchip/xc16/v1.60/bin/bin/../../lib\libm-elf.a(divsi3.eo)
                  0x001358                  ___divsi3
 .libm.dpack      0x001376         0x58 c:/program files/microchip/xc16/v1.60/bin/bin/../../lib\libm-elf.a(dpack.eo)
                  0x001376                  __dpack
 .libm.dunpack2
                  0x0013ce         0x32 c:/program files/microchip/xc16/v1.60/bin/bin/../../lib\libm-elf.a(dunpack2.eo)
                  0x0013ce                  __dunpack2
                  0x0013f0                  __dreturnNaN
                  0x0013f6                  __dunpack2exit
 .libm.extendsfdf2
                  0x001400         0x3e c:/program files/microchip/xc16/v1.60/bin/bin/../../lib\libm-elf.a(extendsfdf.eo)
                  0x001400                  ___extendsfdf2
 .libm.fixdfsi    0x00143e         0x58 c:/program files/microchip/xc16/v1.60/bin/bin/../../lib\libm-elf.a(fixdfsi.eo)
                  0x00143e                  _(float, int, long long, double, float, short, int)
 .libm.floatsidf
                  0x001496          0x6 c:/program files/microchip/xc16/v1.60/bin/bin/../../lib\libm-elf.a(floatsidf.eo)
                  0x001496                  ___floatsidf
 .libm.muldf3     0x00149c         0xec c:/program files/microchip/xc16/v1.60/bin/bin/../../lib\libm-elf.a(muldf3.eo)
                  0x00149c                  ___muldf3
 .libm.subdf3     0x001588          0x4 c:/program files/microchip/xc16/v1.60/bin/bin/../../lib\libm-elf.a(subdf3.eo)
                  0x001588                  ___subdf3
 .libm.udivsi3    0x00158c         0x20 c:/program files/microchip/xc16/v1.60/bin/bin/../../lib\libm-elf.a(udivsi3.eo)
                  0x00158c                  ___udivsi3
 .libm.mulsi3     0x0015ac          0xc c:/program files/microchip/xc16/v1.60/bin/bin/../../lib\libm-elf.a(mulsi3.eo)
                  0x0015ac                  ___mulp32peds3
                  0x0015ac                  ___mulsi3
                  0x0015ac                  ___mulp32eds3
 .libm.adddf3     0x0015b8         0xfc c:/program files/microchip/xc16/v1.60/bin/bin/../../lib\libm-elf.a(adddf3.eo)
                  0x0015b8                  ___adddf3
 .libm.dcompare
                  0x0016b4         0x52 c:/program files/microchip/xc16/v1.60/bin/bin/../../lib\libm-elf.a(dcompare.eo)
                  0x0016b4                  __dcompare
 .libm.dPropagateNaN
                  0x001706         0x1c c:/program files/microchip/xc16/v1.60/bin/bin/../../lib\libm-elf.a(dpropagateNaN.eo)
                  0x001706                  __dPropagateNaN
 .libm.dtype      0x001722         0x24 c:/program files/microchip/xc16/v1.60/bin/bin/../../lib\libm-elf.a(dtype.eo)
                  0x001722                  __dtype
 .libm.dunpack    0x001746         0x4e c:/program files/microchip/xc16/v1.60/bin/bin/../../lib\libm-elf.a(dunpack.eo)
                  0x001746                  __dunpack
 .libm.floatdidf
                  0x001794         0x20 c:/program files/microchip/xc16/v1.60/bin/bin/../../lib\libm-elf.a(floatdidf.eo)
                  0x001794                  ___floatdidf
 .libm.floatundidf
                  0x0017b4         0x56 c:/program files/microchip/xc16/v1.60/bin/bin/../../lib\libm-elf.a(floatundidf.eo)
                  0x0017b4                  ___floatundidf

usercode
 *(usercode)

__FUID0
 *(__FUID0.sec*)

__FUID1
 *(__FUID1.sec*)

__FUID2
 *(__FUID2.sec*)

__FUID3
 *(__FUID3.sec*)

__FOSC
 *(__FOSC.sec*)

__FWDT
 *(__FWDT.sec*)

__FBORPOR
 *(__FBORPOR.sec*)

__RESERVED1
 *(__RESERVED1.sec*)

__RESERVED2
 *(__RESERVED2.sec*)

__FGS             0xf8000a          0x2
 *(__FGS.sec*)
 __FGS.sec        0xf8000a          0x2 /CW/_FGSðmW
                  0xf8000a                  __FGS.sec

__FICD
 *(__FICD.sec*)

user_eedata
 *(user_eedata)

userdata
 *(userdata)

.comment          0x000000         0x5e
 *(.comment)
 .comment         0x000000         0x5e c:/program files/microchip/xc16/v1.60/bin/bin/../../lib\liblega-c-elf.a(xfiles.XX_elo)

.debug_info       0x000000       0x110f
 *(.debug_info)
 .debug_info      0x000000        0x121 build/default/production/Configuracion.o
 .debug_info      0x000121        0x51c build/default/production/LCD_Libreria.o
 .debug_info      0x00063d        0x37e build/default/production/Programa_principal.o
 .debug_info      0x0009bb        0x754 build/default/production/ADC_Libreria.o
 *(.gnu.linkonce.wi.*)

.debug_abbrev     0x000000        0x2cb
 *(.debug_abbrev)
 .debug_abbrev    0x000000         0x1f build/default/production/Configuracion.o
 .debug_abbrev    0x00001f         0xca build/default/production/LCD_Libreria.o
 .debug_abbrev    0x0000e9        0x11d build/default/production/Programa_principal.o
 .debug_abbrev    0x000206         0xc5 build/default/production/ADC_Libreria.o

.debug_line       0x000000        0x34a
 *(.debug_line)
 .debug_line      0x000000         0x1a build/default/production/Configuracion.o
 .debug_line      0x00001a        0x130 build/default/production/LCD_Libreria.o
 .debug_line      0x00014a        0x109 build/default/production/Programa_principal.o
 .debug_line      0x000253         0xf7 build/default/production/ADC_Libreria.o

.debug_frame      0x000000        0x100
 *(.debug_frame)
 .debug_frame     0x000000         0x96 build/default/production/LCD_Libreria.o
 .debug_frame     0x000096         0x3c build/default/production/Programa_principal.o
 .debug_frame     0x0000d2         0x2e build/default/production/ADC_Libreria.o

.debug_str        0x000000         0x53
 *(.debug_str)
 .debug_str       0x000000         0x13 build/default/production/LCD_Libreria.o
 .debug_str       0x000013         0x15 build/default/production/Programa_principal.o
 .debug_str       0x000028         0x2b build/default/production/ADC_Libreria.o

.debug_loc
 *(.debug_loc)

.debug_macinfo
 *(.debug_macinfo)

.debug_pubnames
                  0x000000         0xb8
 *(.debug_pubnames)
 .debug_pubnames
                  0x000000         0x5a build/default/production/LCD_Libreria.o
 .debug_pubnames
                  0x00005a         0x3f build/default/production/Programa_principal.o
 .debug_pubnames
                  0x000099         0x1f build/default/production/ADC_Libreria.o

.debug_ranges
 *(.debug_ranges)

.debug_aranges    0x000000         0x48
 *(.debug_aranges)
 .debug_aranges
                  0x000000         0x18 build/default/production/LCD_Libreria.o
 .debug_aranges
                  0x000018         0x18 build/default/production/Programa_principal.o
 .debug_aranges
                  0x000030         0x18 build/default/production/ADC_Libreria.o
                    0x0000                  WREG0 = 0x0
                    0x0000                  _WREG0 = 0x0
                    0x0002                  WREG1 = 0x2
                    0x0002                  _WREG1 = 0x2
                    0x0004                  WREG2 = 0x4
                    0x0004                  _WREG2 = 0x4
                    0x0006                  WREG3 = 0x6
                    0x0006                  _WREG3 = 0x6
                    0x0008                  WREG4 = 0x8
                    0x0008                  _WREG4 = 0x8
                    0x000a                  WREG5 = 0xa
                    0x000a                  _WREG5 = 0xa
                    0x000c                  WREG6 = 0xc
                    0x000c                  _WREG6 = 0xc
                    0x000e                  WREG7 = 0xe
                    0x000e                  _WREG7 = 0xe
                    0x0010                  WREG8 = 0x10
                    0x0010                  _WREG8 = 0x10
                    0x0012                  WREG9 = 0x12
                    0x0012                  _WREG9 = 0x12
                    0x0014                  WREG10 = 0x14
                    0x0014                  _WREG10 = 0x14
                    0x0016                  WREG11 = 0x16
                    0x0016                  _WREG11 = 0x16
                    0x0018                  WREG12 = 0x18
                    0x0018                  _WREG12 = 0x18
                    0x001a                  WREG13 = 0x1a
                    0x001a                  _WREG13 = 0x1a
                    0x001c                  WREG14 = 0x1c
                    0x001c                  _WREG14 = 0x1c
                    0x001e                  WREG15 = 0x1e
                    0x001e                  _WREG15 = 0x1e
                    0x0020                  SPLIM = 0x20
                    0x0020                  _SPLIM = 0x20
                    0x0022                  ACCAL = 0x22
                    0x0022                  _ACCAL = 0x22
                    0x0024                  ACCAH = 0x24
                    0x0024                  _ACCAH = 0x24
                    0x0026                  ACCAU = 0x26
                    0x0026                  _ACCAU = 0x26
                    0x0028                  ACCBL = 0x28
                    0x0028                  _ACCBL = 0x28
                    0x002a                  ACCBH = 0x2a
                    0x002a                  _ACCBH = 0x2a
                    0x002c                  ACCBU = 0x2c
                    0x002c                  _ACCBU = 0x2c
                    0x002e                  PCL = 0x2e
                    0x002e                  _PCL = 0x2e
                    0x0030                  PCH = 0x30
                    0x0030                  _PCH = 0x30
                    0x0032                  TBLPAG = 0x32
                    0x0032                  _TBLPAG = 0x32
                    0x0034                  PSVPAG = 0x34
                    0x0034                  _PSVPAG = 0x34
                    0x0036                  RCOUNT = 0x36
                    0x0036                  _RCOUNT = 0x36
                    0x0038                  DCOUNT = 0x38
                    0x0038                  _DCOUNT = 0x38
                    0x003a                  DOSTARTL = 0x3a
                    0x003a                  _DOSTARTL = 0x3a
                    0x003c                  DOSTARTH = 0x3c
                    0x003c                  _DOSTARTH = 0x3c
                    0x003e                  DOENDL = 0x3e
                    0x003e                  _DOENDL = 0x3e
                    0x0040                  DOENDH = 0x40
                    0x0040                  _DOENDH = 0x40
                    0x0042                  SR = 0x42
                    0x0042                  _SR = 0x42
                    0x0042                  _SRbits = 0x42
                    0x0044                  CORCON = 0x44
                    0x0044                  _CORCON = 0x44
                    0x0044                  _CORCONbits = 0x44
                    0x0046                  MODCON = 0x46
                    0x0046                  _MODCON = 0x46
                    0x0046                  _MODCONbits = 0x46
                    0x0048                  XMODSRT = 0x48
                    0x0048                  _XMODSRT = 0x48
                    0x004a                  XMODEND = 0x4a
                    0x004a                  _XMODEND = 0x4a
                    0x004c                  YMODSRT = 0x4c
                    0x004c                  _YMODSRT = 0x4c
                    0x004e                  YMODEND = 0x4e
                    0x004e                  _YMODEND = 0x4e
                    0x0050                  XBREV = 0x50
                    0x0050                  _XBREV = 0x50
                    0x0050                  _XBREVbits = 0x50
                    0x0052                  DISICNT = 0x52
                    0x0052                  _DISICNT = 0x52
                    0x0052                  _DISICNTbits = 0x52
                    0x0080                  INTCON1 = 0x80
                    0x0080                  _INTCON1 = 0x80
                    0x0080                  _INTCON1bits = 0x80
                    0x0082                  INTCON2 = 0x82
                    0x0082                  _INTCON2 = 0x82
                    0x0082                  _INTCON2bits = 0x82
                    0x0084                  IFS0 = 0x84
                    0x0084                  _IFS0 = 0x84
                    0x0084                  _IFS0bits = 0x84
                    0x0086                  IFS1 = 0x86
                    0x0086                  _IFS1 = 0x86
                    0x0086                  _IFS1bits = 0x86
                    0x0088                  IFS2 = 0x88
                    0x0088                  _IFS2 = 0x88
                    0x0088                  _IFS2bits = 0x88
                    0x008c                  IEC0 = 0x8c
                    0x008c                  _IEC0 = 0x8c
                    0x008c                  _IEC0bits = 0x8c
                    0x008e                  IEC1 = 0x8e
                    0x008e                  _IEC1 = 0x8e
                    0x008e                  _IEC1bits = 0x8e
                    0x0090                  IEC2 = 0x90
                    0x0090                  _IEC2 = 0x90
                    0x0090                  _IEC2bits = 0x90
                    0x0094                  IPC0 = 0x94
                    0x0094                  _IPC0 = 0x94
                    0x0094                  _IPC0bits = 0x94
                    0x0096                  IPC1 = 0x96
                    0x0096                  _IPC1 = 0x96
                    0x0096                  _IPC1bits = 0x96
                    0x0098                  IPC2 = 0x98
                    0x0098                  _IPC2 = 0x98
                    0x0098                  _IPC2bits = 0x98
                    0x009a                  IPC3 = 0x9a
                    0x009a                  _IPC3 = 0x9a
                    0x009a                  _IPC3bits = 0x9a
                    0x009c                  IPC4 = 0x9c
                    0x009c                  _IPC4 = 0x9c
                    0x009c                  _IPC4bits = 0x9c
                    0x009e                  IPC5 = 0x9e
                    0x009e                  _IPC5 = 0x9e
                    0x009e                  _IPC5bits = 0x9e
                    0x00a0                  IPC6 = 0xa0
                    0x00a0                  _IPC6 = 0xa0
                    0x00a0                  _IPC6bits = 0xa0
                    0x00a8                  IPC10 = 0xa8
                    0x00a8                  _IPC10 = 0xa8
                    0x00a8                  _IPC10bits = 0xa8
                    0x00b0                  INTTREG = 0xb0
                    0x00b0                  _INTTREG = 0xb0
                    0x00b0                  _INTTREGbits = 0xb0
                    0x00c0                  CNEN1 = 0xc0
                    0x00c0                  _CNEN1 = 0xc0
                    0x00c0                  _CNEN1bits = 0xc0
                    0x00c2                  CNEN2 = 0xc2
                    0x00c2                  _CNEN2 = 0xc2
                    0x00c2                  _CNEN2bits = 0xc2
                    0x00c4                  CNPU1 = 0xc4
                    0x00c4                  _CNPU1 = 0xc4
                    0x00c4                  _CNPU1bits = 0xc4
                    0x00c6                  CNPU2 = 0xc6
                    0x00c6                  _CNPU2 = 0xc6
                    0x00c6                  _CNPU2bits = 0xc6
                    0x0100                  TMR1 = 0x100
                    0x0100                  _TMR1 = 0x100
                    0x0102                  PR1 = 0x102
                    0x0102                  _PR1 = 0x102
                    0x0104                  T1CON = 0x104
                    0x0104                  _T1CON = 0x104
                    0x0104                  _T1CONbits = 0x104
                    0x0106                  TMR2 = 0x106
                    0x0106                  _TMR2 = 0x106
                    0x0108                  TMR3HLD = 0x108
                    0x0108                  _TMR3HLD = 0x108
                    0x010a                  TMR3 = 0x10a
                    0x010a                  _TMR3 = 0x10a
                    0x010c                  PR2 = 0x10c
                    0x010c                  _PR2 = 0x10c
                    0x010e                  PR3 = 0x10e
                    0x010e                  _PR3 = 0x10e
                    0x0110                  T2CON = 0x110
                    0x0110                  _T2CON = 0x110
                    0x0110                  _T2CONbits = 0x110
                    0x0112                  T3CON = 0x112
                    0x0112                  _T3CON = 0x112
                    0x0112                  _T3CONbits = 0x112
                    0x0114                  TMR4 = 0x114
                    0x0114                  _TMR4 = 0x114
                    0x0116                  TMR5HLD = 0x116
                    0x0116                  _TMR5HLD = 0x116
                    0x0118                  TMR5 = 0x118
                    0x0118                  _TMR5 = 0x118
                    0x011a                  PR4 = 0x11a
                    0x011a                  _PR4 = 0x11a
                    0x011c                  PR5 = 0x11c
                    0x011c                  _PR5 = 0x11c
                    0x011e                  T4CON = 0x11e
                    0x011e                  _T4CON = 0x11e
                    0x011e                  _T4CONbits = 0x11e
                    0x0120                  T5CON = 0x120
                    0x0120                  _T5CON = 0x120
                    0x0120                  _T5CONbits = 0x120
                    0x0140                  IC1BUF = 0x140
                    0x0140                  _IC1BUF = 0x140
                    0x0142                  IC1CON = 0x142
                    0x0142                  _IC1CON = 0x142
                    0x0142                  _IC1CONbits = 0x142
                    0x0144                  IC2BUF = 0x144
                    0x0144                  _IC2BUF = 0x144
                    0x0146                  IC2CON = 0x146
                    0x0146                  _IC2CON = 0x146
                    0x0146                  _IC2CONbits = 0x146
                    0x0158                  IC7BUF = 0x158
                    0x0158                  _IC7BUF = 0x158
                    0x015a                  IC7CON = 0x15a
                    0x015a                  _IC7CON = 0x15a
                    0x015a                  _IC7CONbits = 0x15a
                    0x015c                  IC8BUF = 0x15c
                    0x015c                  _IC8BUF = 0x15c
                    0x015e                  IC8CON = 0x15e
                    0x015e                  _IC8CON = 0x15e
                    0x015e                  _IC8CONbits = 0x15e
                    0x0180                  OC1RS = 0x180
                    0x0180                  _OC1RS = 0x180
                    0x0182                  OC1R = 0x182
                    0x0182                  _OC1R = 0x182
                    0x0184                  OC1CON = 0x184
                    0x0184                  _OC1CON = 0x184
                    0x0184                  _OC1CONbits = 0x184
                    0x0186                  OC2RS = 0x186
                    0x0186                  _OC2RS = 0x186
                    0x0188                  OC2R = 0x188
                    0x0188                  _OC2R = 0x188
                    0x018a                  OC2CON = 0x18a
                    0x018a                  _OC2CON = 0x18a
                    0x018a                  _OC2CONbits = 0x18a
                    0x018c                  OC3RS = 0x18c
                    0x018c                  _OC3RS = 0x18c
                    0x018e                  OC3R = 0x18e
                    0x018e                  _OC3R = 0x18e
                    0x0190                  OC3CON = 0x190
                    0x0190                  _OC3CON = 0x190
                    0x0190                  _OC3CONbits = 0x190
                    0x0192                  OC4RS = 0x192
                    0x0192                  _OC4RS = 0x192
                    0x0194                  OC4R = 0x194
                    0x0194                  _OC4R = 0x194
                    0x0196                  OC4CON = 0x196
                    0x0196                  _OC4CON = 0x196
                    0x0196                  _OC4CONbits = 0x196
                    0x0200                  I2CRCV = 0x200
                    0x0200                  _I2CRCV = 0x200
                    0x0200                  _I2CRCVbits = 0x200
                    0x0202                  I2CTRN = 0x202
                    0x0202                  _I2CTRN = 0x202
                    0x0202                  _I2CTRNbits = 0x202
                    0x0204                  I2CBRG = 0x204
                    0x0204                  _I2CBRG = 0x204
                    0x0204                  _I2CBRGbits = 0x204
                    0x0206                  I2CCON = 0x206
                    0x0206                  _I2CCON = 0x206
                    0x0206                  _I2CCONbits = 0x206
                    0x0208                  I2CSTAT = 0x208
                    0x0208                  _I2CSTAT = 0x208
                    0x0208                  _I2CSTATbits = 0x208
                    0x020a                  I2CADD = 0x20a
                    0x020a                  _I2CADD = 0x20a
                    0x020a                  _I2CADDbits = 0x20a
                    0x020c                  U1MODE = 0x20c
                    0x020c                  _U1MODE = 0x20c
                    0x020c                  _U1MODEbits = 0x20c
                    0x020e                  U1STA = 0x20e
                    0x020e                  _U1STA = 0x20e
                    0x020e                  _U1STAbits = 0x20e
                    0x0210                  U1TXREG = 0x210
                    0x0210                  _U1TXREG = 0x210
                    0x0210                  _U1TXREGbits = 0x210
                    0x0212                  U1RXREG = 0x212
                    0x0212                  _U1RXREG = 0x212
                    0x0212                  _U1RXREGbits = 0x212
                    0x0214                  U1BRG = 0x214
                    0x0214                  _U1BRG = 0x214
                    0x0216                  U2MODE = 0x216
                    0x0216                  _U2MODE = 0x216
                    0x0216                  _U2MODEbits = 0x216
                    0x0218                  U2STA = 0x218
                    0x0218                  _U2STA = 0x218
                    0x0218                  _U2STAbits = 0x218
                    0x021a                  U2TXREG = 0x21a
                    0x021a                  _U2TXREG = 0x21a
                    0x021a                  _U2TXREGbits = 0x21a
                    0x021c                  U2RXREG = 0x21c
                    0x021c                  _U2RXREG = 0x21c
                    0x021c                  _U2RXREGbits = 0x21c
                    0x021e                  U2BRG = 0x21e
                    0x021e                  _U2BRG = 0x21e
                    0x0220                  SPI1STAT = 0x220
                    0x0220                  _SPI1STAT = 0x220
                    0x0220                  _SPI1STATbits = 0x220
                    0x0222                  SPI1CON = 0x222
                    0x0222                  _SPI1CON = 0x222
                    0x0222                  _SPI1CONbits = 0x222
                    0x0224                  SPI1BUF = 0x224
                    0x0224                  _SPI1BUF = 0x224
                    0x0240                  DCICON1 = 0x240
                    0x0240                  _DCICON1 = 0x240
                    0x0240                  _DCICON1bits = 0x240
                    0x0242                  DCICON2 = 0x242
                    0x0242                  _DCICON2 = 0x242
                    0x0242                  _DCICON2bits = 0x242
                    0x0244                  DCICON3 = 0x244
                    0x0244                  _DCICON3 = 0x244
                    0x0244                  _DCICON3bits = 0x244
                    0x0246                  DCISTAT = 0x246
                    0x0246                  _DCISTAT = 0x246
                    0x0246                  _DCISTATbits = 0x246
                    0x0248                  TSCON = 0x248
                    0x0248                  _TSCON = 0x248
                    0x0248                  _TSCONbits = 0x248
                    0x024c                  RSCON = 0x24c
                    0x024c                  _RSCON = 0x24c
                    0x024c                  _RSCONbits = 0x24c
                    0x0250                  RXBUF0 = 0x250
                    0x0250                  _RXBUF0 = 0x250
                    0x0252                  RXBUF1 = 0x252
                    0x0252                  _RXBUF1 = 0x252
                    0x0254                  RXBUF2 = 0x254
                    0x0254                  _RXBUF2 = 0x254
                    0x0256                  RXBUF3 = 0x256
                    0x0256                  _RXBUF3 = 0x256
                    0x0258                  TXBUF0 = 0x258
                    0x0258                  _TXBUF0 = 0x258
                    0x025a                  TXBUF1 = 0x25a
                    0x025a                  _TXBUF1 = 0x25a
                    0x025c                  TXBUF2 = 0x25c
                    0x025c                  _TXBUF2 = 0x25c
                    0x025e                  TXBUF3 = 0x25e
                    0x025e                  _TXBUF3 = 0x25e
                    0x0280                  ADCBUF0 = 0x280
                    0x0280                  _ADCBUF0 = 0x280
                    0x0282                  ADCBUF1 = 0x282
                    0x0282                  _ADCBUF1 = 0x282
                    0x0284                  ADCBUF2 = 0x284
                    0x0284                  _ADCBUF2 = 0x284
                    0x0286                  ADCBUF3 = 0x286
                    0x0286                  _ADCBUF3 = 0x286
                    0x0288                  ADCBUF4 = 0x288
                    0x0288                  _ADCBUF4 = 0x288
                    0x028a                  ADCBUF5 = 0x28a
                    0x028a                  _ADCBUF5 = 0x28a
                    0x028c                  ADCBUF6 = 0x28c
                    0x028c                  _ADCBUF6 = 0x28c
                    0x028e                  ADCBUF7 = 0x28e
                    0x028e                  _ADCBUF7 = 0x28e
                    0x0290                  ADCBUF8 = 0x290
                    0x0290                  _ADCBUF8 = 0x290
                    0x0292                  ADCBUF9 = 0x292
                    0x0292                  _ADCBUF9 = 0x292
                    0x0294                  ADCBUFA = 0x294
                    0x0294                  _ADCBUFA = 0x294
                    0x0296                  ADCBUFB = 0x296
                    0x0296                  _ADCBUFB = 0x296
                    0x0298                  ADCBUFC = 0x298
                    0x0298                  _ADCBUFC = 0x298
                    0x029a                  ADCBUFD = 0x29a
                    0x029a                  _ADCBUFD = 0x29a
                    0x029c                  ADCBUFE = 0x29c
                    0x029c                  _ADCBUFE = 0x29c
                    0x029e                  ADCBUFF = 0x29e
                    0x029e                  _ADCBUFF = 0x29e
                    0x02a0                  ADCON1 = 0x2a0
                    0x02a0                  _ADCON1 = 0x2a0
                    0x02a0                  _ADCON1bits = 0x2a0
                    0x02a2                  ADCON2 = 0x2a2
                    0x02a2                  _ADCON2 = 0x2a2
                    0x02a2                  _ADCON2bits = 0x2a2
                    0x02a4                  ADCON3 = 0x2a4
                    0x02a4                  _ADCON3 = 0x2a4
                    0x02a4                  _ADCON3bits = 0x2a4
                    0x02a6                  ADCHS = 0x2a6
                    0x02a6                  _ADCHS = 0x2a6
                    0x02a6                  _ADCHSbits = 0x2a6
                    0x02a8                  ADPCFG = 0x2a8
                    0x02a8                  _ADPCFG = 0x2a8
                    0x02a8                  _ADPCFGbits = 0x2a8
                    0x02aa                  ADCSSL = 0x2aa
                    0x02aa                  _ADCSSL = 0x2aa
                    0x02aa                  _ADCSSLbits = 0x2aa
                    0x02c0                  TRISA = 0x2c0
                    0x02c0                  _TRISA = 0x2c0
                    0x02c0                  _TRISAbits = 0x2c0
                    0x02c2                  PORTA = 0x2c2
                    0x02c2                  _PORTA = 0x2c2
                    0x02c2                  _PORTAbits = 0x2c2
                    0x02c4                  LATA = 0x2c4
                    0x02c4                  _LATA = 0x2c4
                    0x02c4                  _LATAbits = 0x2c4
                    0x02c6                  TRISB = 0x2c6
                    0x02c6                  _TRISB = 0x2c6
                    0x02c6                  _TRISBbits = 0x2c6
                    0x02c8                  PORTB = 0x2c8
                    0x02c8                  _PORTB = 0x2c8
                    0x02c8                  _PORTBbits = 0x2c8
                    0x02ca                  LATB = 0x2ca
                    0x02ca                  _LATB = 0x2ca
                    0x02ca                  _LATBbits = 0x2ca
                    0x02cc                  TRISC = 0x2cc
                    0x02cc                  _TRISC = 0x2cc
                    0x02cc                  _TRISCbits = 0x2cc
                    0x02ce                  PORTC = 0x2ce
                    0x02ce                  _PORTC = 0x2ce
                    0x02ce                  _PORTCbits = 0x2ce
                    0x02d0                  LATC = 0x2d0
                    0x02d0                  _LATC = 0x2d0
                    0x02d0                  _LATCbits = 0x2d0
                    0x02d2                  TRISD = 0x2d2
                    0x02d2                  _TRISD = 0x2d2
                    0x02d2                  _TRISDbits = 0x2d2
                    0x02d4                  PORTD = 0x2d4
                    0x02d4                  _PORTD = 0x2d4
                    0x02d4                  _PORTDbits = 0x2d4
                    0x02d6                  LATD = 0x2d6
                    0x02d6                  _LATD = 0x2d6
                    0x02d6                  _LATDbits = 0x2d6
                    0x02de                  TRISF = 0x2de
                    0x02de                  _TRISF = 0x2de
                    0x02de                  _TRISFbits = 0x2de
                    0x02e0                  PORTF = 0x2e0
                    0x02e0                  _PORTF = 0x2e0
                    0x02e0                  _PORTFbits = 0x2e0
                    0x02e2                  LATF = 0x2e2
                    0x02e2                  _LATF = 0x2e2
                    0x02e2                  _LATFbits = 0x2e2
                    0x0300                  C1RXF0SID = 0x300
                    0x0300                  _C1RXF0SID = 0x300
                    0x0300                  _C1RXF0SIDbits = 0x300
                    0x0302                  C1RXF0EIDH = 0x302
                    0x0302                  _C1RXF0EIDH = 0x302
                    0x0302                  _C1RXF0EIDHbits = 0x302
                    0x0304                  C1RXF0EIDL = 0x304
                    0x0304                  _C1RXF0EIDL = 0x304
                    0x0304                  _C1RXF0EIDLbits = 0x304
                    0x0308                  C1RXF1SID = 0x308
                    0x0308                  _C1RXF1SID = 0x308
                    0x0308                  _C1RXF1SIDbits = 0x308
                    0x030a                  C1RXF1EIDH = 0x30a
                    0x030a                  _C1RXF1EIDH = 0x30a
                    0x030a                  _C1RXF1EIDHbits = 0x30a
                    0x030c                  C1RXF1EIDL = 0x30c
                    0x030c                  _C1RXF1EIDL = 0x30c
                    0x030c                  _C1RXF1EIDLbits = 0x30c
                    0x0310                  C1RXF2SID = 0x310
                    0x0310                  _C1RXF2SID = 0x310
                    0x0310                  _C1RXF2SIDbits = 0x310
                    0x0312                  C1RXF2EIDH = 0x312
                    0x0312                  _C1RXF2EIDH = 0x312
                    0x0312                  _C1RXF2EIDHbits = 0x312
                    0x0314                  C1RXF2EIDL = 0x314
                    0x0314                  _C1RXF2EIDL = 0x314
                    0x0314                  _C1RXF2EIDLbits = 0x314
                    0x0318                  C1RXF3SID = 0x318
                    0x0318                  _C1RXF3SID = 0x318
                    0x0318                  _C1RXF3SIDbits = 0x318
                    0x031a                  C1RXF3EIDH = 0x31a
                    0x031a                  _C1RXF3EIDH = 0x31a
                    0x031a                  _C1RXF3EIDHbits = 0x31a
                    0x031c                  C1RXF3EIDL = 0x31c
                    0x031c                  _C1RXF3EIDL = 0x31c
                    0x031c                  _C1RXF3EIDLbits = 0x31c
                    0x0320                  C1RXF4SID = 0x320
                    0x0320                  _C1RXF4SID = 0x320
                    0x0320                  _C1RXF4SIDbits = 0x320
                    0x0322                  C1RXF4EIDH = 0x322
                    0x0322                  _C1RXF4EIDH = 0x322
                    0x0322                  _C1RXF4EIDHbits = 0x322
                    0x0324                  C1RXF4EIDL = 0x324
                    0x0324                  _C1RXF4EIDL = 0x324
                    0x0324                  _C1RXF4EIDLbits = 0x324
                    0x0328                  C1RXF5SID = 0x328
                    0x0328                  _C1RXF5SID = 0x328
                    0x0328                  _C1RXF5SIDbits = 0x328
                    0x032a                  C1RXF5EIDH = 0x32a
                    0x032a                  _C1RXF5EIDH = 0x32a
                    0x032a                  _C1RXF5EIDHbits = 0x32a
                    0x032c                  C1RXF5EIDL = 0x32c
                    0x032c                  _C1RXF5EIDL = 0x32c
                    0x032c                  _C1RXF5EIDLbits = 0x32c
                    0x0330                  C1RXM0SID = 0x330
                    0x0330                  _C1RXM0SID = 0x330
                    0x0330                  _C1RXM0SIDbits = 0x330
                    0x0332                  C1RXM0EIDH = 0x332
                    0x0332                  _C1RXM0EIDH = 0x332
                    0x0332                  _C1RXM0EIDHbits = 0x332
                    0x0334                  C1RXM0EIDL = 0x334
                    0x0334                  _C1RXM0EIDL = 0x334
                    0x0334                  _C1RXM0EIDLbits = 0x334
                    0x0338                  C1RXM1SID = 0x338
                    0x0338                  _C1RXM1SID = 0x338
                    0x0338                  _C1RXM1SIDbits = 0x338
                    0x033a                  C1RXM1EIDH = 0x33a
                    0x033a                  _C1RXM1EIDH = 0x33a
                    0x033a                  _C1RXM1EIDHbits = 0x33a
                    0x033c                  C1RXM1EIDL = 0x33c
                    0x033c                  _C1RXM1EIDL = 0x33c
                    0x033c                  _C1RXM1EIDLbits = 0x33c
                    0x0340                  C1TX2SID = 0x340
                    0x0340                  _C1TX2SID = 0x340
                    0x0340                  _C1TX2SIDbits = 0x340
                    0x0342                  C1TX2EID = 0x342
                    0x0342                  _C1TX2EID = 0x342
                    0x0342                  _C1TX2EIDbits = 0x342
                    0x0344                  C1TX2DLC = 0x344
                    0x0344                  _C1TX2DLC = 0x344
                    0x0344                  _C1TX2DLCbits = 0x344
                    0x0346                  C1TX2B1 = 0x346
                    0x0346                  _C1TX2B1 = 0x346
                    0x0346                  _C1TX2B1bits = 0x346
                    0x0348                  C1TX2B2 = 0x348
                    0x0348                  _C1TX2B2 = 0x348
                    0x0348                  _C1TX2B2bits = 0x348
                    0x034a                  C1TX2B3 = 0x34a
                    0x034a                  _C1TX2B3 = 0x34a
                    0x034a                  _C1TX2B3bits = 0x34a
                    0x034c                  C1TX2B4 = 0x34c
                    0x034c                  _C1TX2B4 = 0x34c
                    0x034c                  _C1TX2B4bits = 0x34c
                    0x034e                  C1TX2CON = 0x34e
                    0x034e                  _C1TX2CON = 0x34e
                    0x034e                  _C1TX2CONbits = 0x34e
                    0x0350                  C1TX1SID = 0x350
                    0x0350                  _C1TX1SID = 0x350
                    0x0350                  _C1TX1SIDbits = 0x350
                    0x0352                  C1TX1EID = 0x352
                    0x0352                  _C1TX1EID = 0x352
                    0x0352                  _C1TX1EIDbits = 0x352
                    0x0354                  C1TX1DLC = 0x354
                    0x0354                  _C1TX1DLC = 0x354
                    0x0354                  _C1TX1DLCbits = 0x354
                    0x0356                  C1TX1B1 = 0x356
                    0x0356                  _C1TX1B1 = 0x356
                    0x0356                  _C1TX1B1bits = 0x356
                    0x0358                  C1TX1B2 = 0x358
                    0x0358                  _C1TX1B2 = 0x358
                    0x0358                  _C1TX1B2bits = 0x358
                    0x035a                  C1TX1B3 = 0x35a
                    0x035a                  _C1TX1B3 = 0x35a
                    0x035a                  _C1TX1B3bits = 0x35a
                    0x035c                  C1TX1B4 = 0x35c
                    0x035c                  _C1TX1B4 = 0x35c
                    0x035c                  _C1TX1B4bits = 0x35c
                    0x035e                  C1TX1CON = 0x35e
                    0x035e                  _C1TX1CON = 0x35e
                    0x035e                  _C1TX1CONbits = 0x35e
                    0x0360                  C1TX0SID = 0x360
                    0x0360                  _C1TX0SID = 0x360
                    0x0360                  _C1TX0SIDbits = 0x360
                    0x0362                  C1TX0EID = 0x362
                    0x0362                  _C1TX0EID = 0x362
                    0x0362                  _C1TX0EIDbits = 0x362
                    0x0364                  C1TX0DLC = 0x364
                    0x0364                  _C1TX0DLC = 0x364
                    0x0364                  _C1TX0DLCbits = 0x364
                    0x0366                  C1TX0B1 = 0x366
                    0x0366                  _C1TX0B1 = 0x366
                    0x0366                  _C1TX0B1bits = 0x366
                    0x0368                  C1TX0B2 = 0x368
                    0x0368                  _C1TX0B2 = 0x368
                    0x0368                  _C1TX0B2bits = 0x368
                    0x036a                  C1TX0B3 = 0x36a
                    0x036a                  _C1TX0B3 = 0x36a
                    0x036a                  _C1TX0B3bits = 0x36a
                    0x036c                  C1TX0B4 = 0x36c
                    0x036c                  _C1TX0B4 = 0x36c
                    0x036c                  _C1TX0B4bits = 0x36c
                    0x036e                  C1TX0CON = 0x36e
                    0x036e                  _C1TX0CON = 0x36e
                    0x036e                  _C1TX0CONbits = 0x36e
                    0x0370                  C1RX1SID = 0x370
                    0x0370                  _C1RX1SID = 0x370
                    0x0370                  _C1RX1SIDbits = 0x370
                    0x0372                  C1RX1EID = 0x372
                    0x0372                  _C1RX1EID = 0x372
                    0x0372                  _C1RX1EIDbits = 0x372
                    0x0374                  C1RX1DLC = 0x374
                    0x0374                  _C1RX1DLC = 0x374
                    0x0374                  _C1RX1DLCbits = 0x374
                    0x0376                  C1RX1B1 = 0x376
                    0x0376                  _C1RX1B1 = 0x376
                    0x0376                  _C1RX1B1bits = 0x376
                    0x0378                  C1RX1B2 = 0x378
                    0x0378                  _C1RX1B2 = 0x378
                    0x0378                  _C1RX1B2bits = 0x378
                    0x037a                  C1RX1B3 = 0x37a
                    0x037a                  _C1RX1B3 = 0x37a
                    0x037a                  _C1RX1B3bits = 0x37a
                    0x037c                  C1RX1B4 = 0x37c
                    0x037c                  _C1RX1B4 = 0x37c
                    0x037c                  _C1RX1B4bits = 0x37c
                    0x037e                  C1RX1CON = 0x37e
                    0x037e                  _C1RX1CON = 0x37e
                    0x037e                  _C1RX1CONbits = 0x37e
                    0x0380                  C1RX0SID = 0x380
                    0x0380                  _C1RX0SID = 0x380
                    0x0380                  _C1RX0SIDbits = 0x380
                    0x0382                  C1RX0EID = 0x382
                    0x0382                  _C1RX0EID = 0x382
                    0x0382                  _C1RX0EIDbits = 0x382
                    0x0384                  C1RX0DLC = 0x384
                    0x0384                  _C1RX0DLC = 0x384
                    0x0384                  _C1RX0DLCbits = 0x384
                    0x0386                  C1RX0B1 = 0x386
                    0x0386                  _C1RX0B1 = 0x386
                    0x0386                  _C1RX0B1bits = 0x386
                    0x0388                  C1RX0B2 = 0x388
                    0x0388                  _C1RX0B2 = 0x388
                    0x0388                  _C1RX0B2bits = 0x388
                    0x038a                  C1RX0B3 = 0x38a
                    0x038a                  _C1RX0B3 = 0x38a
                    0x038a                  _C1RX0B3bits = 0x38a
                    0x038c                  C1RX0B4 = 0x38c
                    0x038c                  _C1RX0B4 = 0x38c
                    0x038c                  _C1RX0B4bits = 0x38c
                    0x038e                  C1RX0CON = 0x38e
                    0x038e                  _C1RX0CON = 0x38e
                    0x038e                  _C1RX0CONbits = 0x38e
                    0x0390                  C1CTRL = 0x390
                    0x0390                  _C1CTRL = 0x390
                    0x0390                  _C1CTRLbits = 0x390
                    0x0392                  C1CFG1 = 0x392
                    0x0392                  _C1CFG1 = 0x392
                    0x0392                  _C1CFG1bits = 0x392
                    0x0394                  C1CFG2 = 0x394
                    0x0394                  _C1CFG2 = 0x394
                    0x0394                  _C1CFG2bits = 0x394
                    0x0396                  C1INTF = 0x396
                    0x0396                  _C1INTF = 0x396
                    0x0396                  _C1INTFbits = 0x396
                    0x0398                  C1INTE = 0x398
                    0x0398                  _C1INTE = 0x398
                    0x0398                  _C1INTEbits = 0x398
                    0x039a                  C1EC = 0x39a
                    0x039a                  _C1EC = 0x39a
                    0x039a                  _C1ECbits = 0x39a
                    0x039a                  C1RERRCNT = 0x39a
                    0x039a                  _C1RERRCNT = 0x39a
                    0x039b                  C1TERRCNT = 0x39b
                    0x039b                  _C1TERRCNT = 0x39b
                    0x0740                  RCON = 0x740
                    0x0740                  _RCON = 0x740
                    0x0740                  _RCONbits = 0x740
                    0x0742                  OSCCON = 0x742
                    0x0742                  _OSCCON = 0x742
                    0x0742                  _OSCCONbits = 0x742
                    0x0742                  OSCCONL = 0x742
                    0x0742                  _OSCCONL = 0x742
                    0x0743                  OSCCONH = 0x743
                    0x0743                  _OSCCONH = 0x743
                    0x0744                  OSCTUN = 0x744
                    0x0744                  _OSCTUN = 0x744
                    0x0744                  _OSCTUNbits = 0x744
                    0x0760                  NVMCON = 0x760
                    0x0760                  _NVMCON = 0x760
                    0x0760                  _NVMCONbits = 0x760
                    0x0762                  NVMADR = 0x762
                    0x0762                  _NVMADR = 0x762
                    0x0764                  NVMADRU = 0x764
                    0x0764                  _NVMADRU = 0x764
                    0x0764                  _NVMADRUbits = 0x764
                    0x0766                  NVMKEY = 0x766
                    0x0766                  _NVMKEY = 0x766
                    0x0770                  PMD1 = 0x770
                    0x0770                  _PMD1 = 0x770
                    0x0770                  _PMD1bits = 0x770
                    0x0772                  PMD2 = 0x772
                    0x0772                  _PMD2 = 0x772
                    0x0772                  _PMD2bits = 0x772
                    0x0022                  ACCA = 0x22
                    0x0022                  _ACCA = 0x22
                    0x0028                  ACCB = 0x28
                    0x0028                  _ACCB = 0x28
                    0x0300                  CAN1 = 0x300
                    0x0300                  _CAN1 = 0x300
                    0x0140                  IC1 = 0x140
                    0x0140                  _IC1 = 0x140
                    0x0144                  IC2 = 0x144
                    0x0144                  _IC2 = 0x144
                    0x0158                  IC7 = 0x158
                    0x0158                  _IC7 = 0x158
                    0x015c                  IC8 = 0x15c
                    0x015c                  _IC8 = 0x15c
                    0x0180                  OC1 = 0x180
                    0x0180                  _OC1 = 0x180
                    0x0186                  OC2 = 0x186
                    0x0186                  _OC2 = 0x186
                    0x018c                  OC3 = 0x18c
                    0x018c                  _OC3 = 0x18c
                    0x0192                  OC4 = 0x192
                    0x0192                  _OC4 = 0x192
                    0x0220                  SPI1 = 0x220
                    0x0220                  _SPI1 = 0x220
                    0x020c                  UART1 = 0x20c
                    0x020c                  _UART1 = 0x20c
                    0x0216                  UART2 = 0x216
                    0x0216                  _UART2 = 0x216
START GROUP
LOAD c:/program files/microchip/xc16/v1.60/bin/bin/../../lib\liblega-pic30-elf.a
LOAD c:/program files/microchip/xc16/v1.60/bin/bin/../../lib\libm-elf.a
LOAD c:/program files/microchip/xc16/v1.60/bin/bin/../../lib\liblega-c-elf.a
END GROUP
OUTPUT(dist/default/production/ADC_Parte1.X.production.elf elf32-pic30)
LOAD /CW/_FGSðmW
LOAD jump_table
LOAD default_isr
LOAD data_init

.debug_pubtypes
                  0x000048        0x14e
 .debug_pubtypes
                  0x000048         0x12 build/default/production/Configuracion.o
 .debug_pubtypes
                  0x00005a         0x5b build/default/production/LCD_Libreria.o
 .debug_pubtypes
                  0x0000b5         0x40 build/default/production/Programa_principal.o
 .debug_pubtypes
                  0x0000f5         0xa1 build/default/production/ADC_Libreria.o

__c30_signature
                  0x000196        0x180
 __c30_signature
                  0x000196          0x6 build/default/production/Configuracion.o
 __c30_signature
                  0x00019c          0x6 build/default/production/LCD_Libreria.o
 __c30_signature
                  0x0001a2          0x6 build/default/production/Programa_principal.o
 __c30_signature
                  0x0001a8          0x6 build/default/production/ADC_Libreria.o
 __c30_signature
                  0x0001ae          0x6 c:/program files/microchip/xc16/v1.60/bin/bin/../../lib\liblega-pic30-elf.a(crt0_standard.o)
 __c30_signature
                  0x0001b4          0x6 c:/program files/microchip/xc16/v1.60/bin/bin/../../lib\liblega-pic30-elf.a(data_init_standard.o)
 __c30_signature
                  0x0001ba          0x6 c:/program files/microchip/xc16/v1.60/bin/bin/../../lib\liblega-pic30-elf.a(delay32.Leo)
 __c30_signature
                  0x0001c0          0x6 c:/program files/microchip/xc16/v1.60/bin/bin/../../lib\libm-elf.a(floatunsisf.eo)
 __c30_signature
                  0x0001c6          0x6 c:/program files/microchip/xc16/v1.60/bin/bin/../../lib\libm-elf.a(mulsf3.eo)
 __c30_signature
                  0x0001cc          0x6 c:/program files/microchip/xc16/v1.60/bin/bin/../../lib\libm-elf.a(floatundisf.eo)
 __c30_signature
                  0x0001d2          0x6 c:/program files/microchip/xc16/v1.60/bin/bin/../../lib\libm-elf.a(fpack.eo)
 __c30_signature
                  0x0001d8          0x6 c:/program files/microchip/xc16/v1.60/bin/bin/../../lib\libm-elf.a(funpack2.eo)
 __c30_signature
                  0x0001de          0x6 c:/program files/microchip/xc16/v1.60/bin/bin/../../lib\libm-elf.a(futil.eo)
 __c30_signature
                  0x0001e4          0x6 c:/program files/microchip/xc16/v1.60/bin/bin/../../lib\libm-elf.a(funpack.eo)
 __c30_signature
                  0x0001ea          0x6 c:/program files/microchip/xc16/v1.60/bin/bin/../../lib\liblega-c-elf.a(sprintf_fF.XXeo)
 __c30_signature
                  0x0001f0          0x6 c:/program files/microchip/xc16/v1.60/bin/bin/../../lib\liblega-c-elf.a(xprintf_fF.XXeo)
 __c30_signature
                  0x0001f6          0x6 c:/program files/microchip/xc16/v1.60/bin/bin/../../lib\liblega-c-elf.a(memcpy.XX_eo)
 __c30_signature
                  0x0001fc          0x6 c:/program files/microchip/xc16/v1.60/bin/bin/../../lib\liblega-c-elf.a(strchr.XX_eo)
 __c30_signature
                  0x000202          0x6 c:/program files/microchip/xc16/v1.60/bin/bin/../../lib\liblega-c-elf.a(xputtxt.XX_eo)
 __c30_signature
                  0x000208          0x6 c:/program files/microchip/xc16/v1.60/bin/bin/../../lib\liblega-c-elf.a(xvacopy.XX_eo)
 __c30_signature
                  0x00020e          0x6 c:/program files/microchip/xc16/v1.60/bin/bin/../../lib\liblega-c-elf.a(efwrite.XX_eo)
 __c30_signature
                  0x000214          0x6 c:/program files/microchip/xc16/v1.60/bin/bin/../../lib\liblega-c-elf.a(fflush.XX_elo)
 __c30_signature
                  0x00021a          0x6 c:/program files/microchip/xc16/v1.60/bin/bin/../../lib\liblega-c-elf.a(xfiles.XX_elo)
 __c30_signature
                  0x000220          0x6 c:/program files/microchip/xc16/v1.60/bin/bin/../../lib\liblega-c-elf.a(xputfld_fF.XXeo)
 __c30_signature
                  0x000226          0x6 c:/program files/microchip/xc16/v1.60/bin/bin/../../lib\liblega-c-elf.a(xldtob_fF.XXeo)
 __c30_signature
                  0x00022c          0x6 c:/program files/microchip/xc16/v1.60/bin/bin/../../lib\liblega-c-elf.a(xgenld_fF.XXeo)
 __c30_signature
                  0x000232          0x6 c:/program files/microchip/xc16/v1.60/bin/bin/../../lib\liblega-c-elf.a(div.XX_eo)
 __c30_signature
                  0x000238          0x6 c:/program files/microchip/xc16/v1.60/bin/bin/../../lib\liblega-c-elf.a(ldiv.XX_eo)
 __c30_signature
                  0x00023e          0x6 c:/program files/microchip/xc16/v1.60/bin/bin/../../lib\liblega-c-elf.a(xfwprep.XX_eo)
 __c30_signature
                  0x000244          0x6 c:/program files/microchip/xc16/v1.60/bin/bin/../../lib\liblega-c-elf.a(xldunsca.XX_eo)
 __c30_signature
                  0x00024a          0x6 c:/program files/microchip/xc16/v1.60/bin/bin/../../lib\liblega-c-elf.a(fclose.XX_elo)
 __c30_signature
                  0x000250          0x6 c:/program files/microchip/xc16/v1.60/bin/bin/../../lib\liblega-c-elf.a(xatexit.XX_elo)
 __c30_signature
                  0x000256          0x6 c:/program files/microchip/xc16/v1.60/bin/bin/../../lib\liblega-c-elf.a(xdnorm.XX_elo)
 __c30_signature
                  0x00025c          0x6 c:/program files/microchip/xc16/v1.60/bin/bin/../../lib\liblega-c-elf.a(free.XX_eo)
 __c30_signature
                  0x000262          0x6 c:/program files/microchip/xc16/v1.60/bin/bin/../../lib\liblega-c-elf.a(malloc.XX_eo)
 __c30_signature
                  0x000268          0x6 c:/program files/microchip/xc16/v1.60/bin/bin/../../lib\liblega-c-elf.a(xgetmem.XX_eo)
 __c30_signature
                  0x00026e          0x6 c:/program files/microchip/xc16/v1.60/bin/bin/../../lib\liblega-pic30-elf.a(close.Leo)
 __c30_signature
                  0x000274          0x6 c:/program files/microchip/xc16/v1.60/bin/bin/../../lib\liblega-pic30-elf.a(write.Leo)
 __c30_signature
                  0x00027a          0x6 c:/program files/microchip/xc16/v1.60/bin/bin/../../lib\liblega-pic30-elf.a(remove.Leo)
 __c30_signature
                  0x000280          0x6 c:/program files/microchip/xc16/v1.60/bin/bin/../../lib\liblega-pic30-elf.a(sbrk.Leo)
 __c30_signature
                  0x000286          0x6 c:/program files/microchip/xc16/v1.60/bin/bin/../../lib\liblega-pic30-elf.a(c30_uart.Leo)
 __c30_signature
                  0x00028c          0x6 c:/program files/microchip/xc16/v1.60/bin/bin/../../lib\liblega-pic30-elf.a(memcpy_eds.Leo)
 __c30_signature
                  0x000292          0x6 c:/program files/microchip/xc16/v1.60/bin/bin/../../lib\liblega-pic30-elf.a(memchr_eds.Leo)
 __c30_signature
                  0x000298          0x6 c:/program files/microchip/xc16/v1.60/bin/bin/../../lib\liblega-pic30-elf.a(brk.Lelo)
 __c30_signature
                  0x00029e          0x6 c:/program files/microchip/xc16/v1.60/bin/bin/../../lib\libm-elf.a(deqltle.eo)
 __c30_signature
                  0x0002a4          0x6 c:/program files/microchip/xc16/v1.60/bin/bin/../../lib\libm-elf.a(dgtge.eo)
 __c30_signature
                  0x0002aa          0x6 c:/program files/microchip/xc16/v1.60/bin/bin/../../lib\libm-elf.a(divdf3.eo)
 __c30_signature
                  0x0002b0          0x6 c:/program files/microchip/xc16/v1.60/bin/bin/../../lib\libm-elf.a(divsi3.eo)
 __c30_signature
                  0x0002b6          0x6 c:/program files/microchip/xc16/v1.60/bin/bin/../../lib\libm-elf.a(dpack.eo)
 __c30_signature
                  0x0002bc          0x6 c:/program files/microchip/xc16/v1.60/bin/bin/../../lib\libm-elf.a(dunpack2.eo)
 __c30_signature
                  0x0002c2          0x6 c:/program files/microchip/xc16/v1.60/bin/bin/../../lib\libm-elf.a(extendsfdf.eo)
 __c30_signature
                  0x0002c8          0x6 c:/program files/microchip/xc16/v1.60/bin/bin/../../lib\libm-elf.a(fixdfsi.eo)
 __c30_signature
                  0x0002ce          0x6 c:/program files/microchip/xc16/v1.60/bin/bin/../../lib\libm-elf.a(floatsidf.eo)
 __c30_signature
                  0x0002d4          0x6 c:/program files/microchip/xc16/v1.60/bin/bin/../../lib\libm-elf.a(muldf3.eo)
 __c30_signature
                  0x0002da          0x6 c:/program files/microchip/xc16/v1.60/bin/bin/../../lib\libm-elf.a(subdf3.eo)
 __c30_signature
                  0x0002e0          0x6 c:/program files/microchip/xc16/v1.60/bin/bin/../../lib\libm-elf.a(udivsi3.eo)
 __c30_signature
                  0x0002e6          0x6 c:/program files/microchip/xc16/v1.60/bin/bin/../../lib\libm-elf.a(mulsi3.eo)
 __c30_signature
                  0x0002ec          0x6 c:/program files/microchip/xc16/v1.60/bin/bin/../../lib\libm-elf.a(adddf3.eo)
 __c30_signature
                  0x0002f2          0x6 c:/program files/microchip/xc16/v1.60/bin/bin/../../lib\libm-elf.a(dcompare.eo)
 __c30_signature
                  0x0002f8          0x6 c:/program files/microchip/xc16/v1.60/bin/bin/../../lib\libm-elf.a(dpropagateNaN.eo)
 __c30_signature
                  0x0002fe          0x6 c:/program files/microchip/xc16/v1.60/bin/bin/../../lib\libm-elf.a(dtype.eo)
 __c30_signature
                  0x000304          0x6 c:/program files/microchip/xc16/v1.60/bin/bin/../../lib\libm-elf.a(dunpack.eo)
 __c30_signature
                  0x00030a          0x6 c:/program files/microchip/xc16/v1.60/bin/bin/../../lib\libm-elf.a(floatdidf.eo)
 __c30_signature
                  0x000310          0x6 c:/program files/microchip/xc16/v1.60/bin/bin/../../lib\libm-elf.a(floatundidf.eo)

.nbss               0x0800         0x10
 .nbss              0x0800         0x10 build/default/production/Programa_principal.o
                    0x0800                  _valor_adc
                    0x0802                  _voltaje
                    0x0806                  _datos

.data               0x0810         0xfa
 .data              0x0810         0x88 c:/program files/microchip/xc16/v1.60/bin/bin/../../lib\liblega-c-elf.a(xfiles.XX_elo)
                    0x0810                  __Stdin
                    0x0838                  __Stdout
                    0x0860                  __Stderr
                    0x0888                  __Files
 .data              0x0898         0x58 c:/program files/microchip/xc16/v1.60/bin/bin/../../lib\liblega-c-elf.a(xldtob_fF.XXeo)
 .data              0x08f0         0x1a c:/program files/microchip/xc16/v1.60/bin/bin/../../lib\liblega-c-elf.a(xprintf_fF.XXeo)

.bss                0x090a          0x4
 .bss               0x090a          0x4 c:/program files/microchip/xc16/v1.60/bin/bin/../../lib\liblega-c-elf.a(malloc.XX_eo)
                    0x090a                  __Aldata

.data               0x090e          0x2
 .data              0x090e          0x2 c:/program files/microchip/xc16/v1.60/bin/bin/../../lib\liblega-c-elf.a(xgenld_fF.XXeo)

.bss                0x0910          0x2
 .bss               0x0910          0x2 c:/program files/microchip/xc16/v1.60/bin/bin/../../lib\liblega-c-elf.a(fclose.XX_elo)

.data               0x0912          0x4
 .data              0x0912          0x2 c:/program files/microchip/xc16/v1.60/bin/bin/../../lib\liblega-c-elf.a(malloc.XX_eo)
                    0x0912                  __Size_block
 .data              0x0914          0x2 c:/program files/microchip/xc16/v1.60/bin/bin/../../lib\liblega-pic30-elf.a(c30_uart.Leo)
                    0x0914                  ___C30_UART

.bss                0x0916          0x2
 .bss               0x0916          0x2 c:/program files/microchip/xc16/v1.60/bin/bin/../../lib\liblega-pic30-elf.a(brk.Lelo)
                    0x0916                  ___curbrk

.config_ICS       0xf8000c          0x2
 .config_ICS      0xf8000c          0x2 build/default/production/Configuracion.o

.config_MCLRE     0xf80004          0x2
 .config_MCLRE    0xf80004          0x2 build/default/production/Configuracion.o

.config_WDT       0xf80002          0x2
 .config_WDT      0xf80002          0x2 build/default/production/Configuracion.o

.config_FCKSMEN
                  0xf80000          0x2
 .config_FCKSMEN
                  0xf80000          0x2 build/default/production/Configuracion.o

.const              0x980a         0x34 load address 0x00180a  
 .const             0x980a         0x34 build/default/production/Programa_principal.o

.text             0x00183e        0x150
 .text            0x00183e        0x150 build/default/production/LCD_Libreria.o
                  0x00183e                  _LCD_Init
                  0x001882                  _LCD_Comando
                  0x0018e8                  _LCD_Caracter
                  0x00194e                  _LCD_XY
                  0x001974                  _LCD_String

.dinit            0x00198e         0xee
 .dinit           0x00198e         0xee data_init

.text             0x001a7c         0xb6
 .text            0x001a7c         0x72 build/default/production/Programa_principal.o
                  0x001a7c                  _main
 .text            0x001aee         0x44 build/default/production/ADC_Libreria.o
                  0x001aee                  _ADC_Init

.init.delay32     0x001b32         0x1c
 .init.delay32    0x001b32         0x1c c:/program files/microchip/xc16/v1.60/bin/bin/../../lib\liblega-pic30-elf.a(delay32.Leo)
                  0x001b32                  ___delay32
